Release 14.7 - xst P.20131013 (nt64)
Copyright (c) 1995-2013 Xilinx, Inc.  All rights reserved.
--> Parameter TMPDIR set to xst/projnav.tmp


Total REAL time to Xst completion: 0.00 secs
Total CPU time to Xst completion: 0.10 secs
 
--> Parameter xsthdpdir set to xst


Total REAL time to Xst completion: 0.00 secs
Total CPU time to Xst completion: 0.10 secs
 
--> Reading design: RunTop.prj

TABLE OF CONTENTS
  1) Synthesis Options Summary
  2) HDL Compilation
  3) Design Hierarchy Analysis
  4) HDL Analysis
  5) HDL Synthesis
     5.1) HDL Synthesis Report
  6) Advanced HDL Synthesis
     6.1) Advanced HDL Synthesis Report
  7) Low Level Synthesis
  8) Partition Report
  9) Final Report
	9.1) Device utilization summary
	9.2) Partition Resource Summary
	9.3) TIMING REPORT


=========================================================================
*                      Synthesis Options Summary                        *
=========================================================================
---- Source Parameters
Input File Name                    : "RunTop.prj"
Input Format                       : mixed
Ignore Synthesis Constraint File   : NO

---- Target Parameters
Output File Name                   : "RunTop"
Output Format                      : NGC
Target Device                      : xc3s200-5-tq144

---- Source Options
Top Module Name                    : RunTop
Automatic FSM Extraction           : YES
FSM Encoding Algorithm             : Auto
Safe Implementation                : No
FSM Style                          : LUT
RAM Extraction                     : Yes
RAM Style                          : Auto
ROM Extraction                     : Yes
Mux Style                          : Auto
Decoder Extraction                 : YES
Priority Encoder Extraction        : Yes
Shift Register Extraction          : YES
Logical Shifter Extraction         : YES
XOR Collapsing                     : YES
ROM Style                          : Auto
Mux Extraction                     : Yes
Resource Sharing                   : YES
Asynchronous To Synchronous        : NO
Multiplier Style                   : Auto
Automatic Register Balancing       : No

---- Target Options
Add IO Buffers                     : YES
Global Maximum Fanout              : 100000
Add Generic Clock Buffer(BUFG)     : 8
Register Duplication               : YES
Slice Packing                      : YES
Optimize Instantiated Primitives   : NO
Use Clock Enable                   : Yes
Use Synchronous Set                : Yes
Use Synchronous Reset              : Yes
Pack IO Registers into IOBs        : Auto
Equivalent register Removal        : YES

---- General Options
Optimization Goal                  : Speed
Optimization Effort                : 1
Keep Hierarchy                     : No
Netlist Hierarchy                  : As_Optimized
RTL Output                         : Yes
Global Optimization                : AllClockNets
Read Cores                         : YES
Write Timing Constraints           : NO
Cross Clock Analysis               : NO
Hierarchy Separator                : /
Bus Delimiter                      : <>
Case Specifier                     : Maintain
Slice Utilization Ratio            : 100
BRAM Utilization Ratio             : 100
Verilog 2001                       : YES
Auto BRAM Packing                  : NO
Slice Utilization Ratio Delta      : 5

=========================================================================


=========================================================================
*                          HDL Compilation                              *
=========================================================================
Compiling vhdl file "D:/RUN/CLK1ms.vhd" in Library work.
Architecture behavioral of Entity clk1ms is up to date.
Compiling vhdl file "D:/RUN/CLK1s.vhd" in Library work.
Architecture behavioral of Entity clk1s is up to date.
Compiling vhdl file "D:/RUN/CLK0_5s.vhd" in Library work.
Architecture behavioral of Entity clk0_5s is up to date.
Compiling vhdl file "D:/RUN/Debouce.vhd" in Library work.
Architecture behavioral of Entity debouce is up to date.
Compiling vhdl file "D:/RUN/Time_RUN.vhd" in Library work.
Architecture behavioral of Entity time_run is up to date.
Compiling vhdl file "D:/RUN/BCD_Distance.vhd" in Library work.
Architecture behavioral of Entity bcd_distance is up to date.
Compiling vhdl file "D:/RUN/Calories.vhd" in Library work.
Entity <calories> compiled.
Entity <calories> (Architecture <behavioral>) compiled.
Compiling vhdl file "D:/RUN/FSM.vhd" in Library work.
Architecture behavioral of Entity fsm is up to date.
Compiling vhdl file "D:/RUN/ScanDigit.vhd" in Library work.
Architecture behavioral of Entity scandigit is up to date.
Compiling vhdl file "D:/RUN/BCD.vhd" in Library work.
Architecture behavioral of Entity bcd is up to date.
Compiling vhdl file "D:/RUN/Distance.vhd" in Library work.
Architecture behavioral of Entity distance is up to date.
Compiling vhdl file "D:/RUN/RunTop.vhd" in Library work.
Architecture stuctural of Entity runtop is up to date.

=========================================================================
*                     Design Hierarchy Analysis                         *
=========================================================================
Analyzing hierarchy for entity <RunTop> in library <work> (architecture <stuctural>).

Analyzing hierarchy for entity <CLK1ms> in library <work> (architecture <behavioral>).

Analyzing hierarchy for entity <CLK1s> in library <work> (architecture <behavioral>).

Analyzing hierarchy for entity <CLK0_5s> in library <work> (architecture <behavioral>).

Analyzing hierarchy for entity <Debouce> in library <work> (architecture <behavioral>).

Analyzing hierarchy for entity <Time_RUN> in library <work> (architecture <behavioral>).

Analyzing hierarchy for entity <BCD_Distance> in library <work> (architecture <behavioral>).

Analyzing hierarchy for entity <Calories> in library <work> (architecture <behavioral>).

Analyzing hierarchy for entity <FSM> in library <work> (architecture <behavioral>).

Analyzing hierarchy for entity <ScanDigit> in library <work> (architecture <behavioral>).

Analyzing hierarchy for entity <BCD> in library <work> (architecture <behavioral>).

Analyzing hierarchy for entity <Distance> in library <work> (architecture <behavioral>).


=========================================================================
*                            HDL Analysis                               *
=========================================================================
Analyzing Entity <RunTop> in library <work> (Architecture <stuctural>).
Entity <RunTop> analyzed. Unit <RunTop> generated.

Analyzing Entity <CLK1ms> in library <work> (Architecture <behavioral>).
Entity <CLK1ms> analyzed. Unit <CLK1ms> generated.

Analyzing Entity <CLK1s> in library <work> (Architecture <behavioral>).
Entity <CLK1s> analyzed. Unit <CLK1s> generated.

Analyzing Entity <CLK0_5s> in library <work> (Architecture <behavioral>).
Entity <CLK0_5s> analyzed. Unit <CLK0_5s> generated.

Analyzing Entity <Debouce> in library <work> (Architecture <behavioral>).
Entity <Debouce> analyzed. Unit <Debouce> generated.

Analyzing Entity <Time_RUN> in library <work> (Architecture <behavioral>).
Entity <Time_RUN> analyzed. Unit <Time_RUN> generated.

Analyzing Entity <BCD_Distance> in library <work> (Architecture <behavioral>).
Entity <BCD_Distance> analyzed. Unit <BCD_Distance> generated.

Analyzing Entity <Calories> in library <work> (Architecture <behavioral>).
Entity <Calories> analyzed. Unit <Calories> generated.

Analyzing Entity <FSM> in library <work> (Architecture <behavioral>).
Entity <FSM> analyzed. Unit <FSM> generated.

Analyzing Entity <ScanDigit> in library <work> (Architecture <behavioral>).
Entity <ScanDigit> analyzed. Unit <ScanDigit> generated.

Analyzing Entity <BCD> in library <work> (Architecture <behavioral>).
Entity <BCD> analyzed. Unit <BCD> generated.

Analyzing Entity <Distance> in library <work> (Architecture <behavioral>).
Entity <Distance> analyzed. Unit <Distance> generated.


=========================================================================
*                           HDL Synthesis                               *
=========================================================================

Performing bidirectional port resolution...

Synthesizing Unit <CLK1ms>.
    Related source file is "D:/RUN/CLK1ms.vhd".
    Found 1-bit register for signal <r1ms>.
    Found 15-bit up counter for signal <rCnt>.
    Summary:
	inferred   1 Counter(s).
	inferred   1 D-type flip-flop(s).
Unit <CLK1ms> synthesized.


Synthesizing Unit <CLK1s>.
    Related source file is "D:/RUN/CLK1s.vhd".
    Found 1-bit register for signal <r1s>.
    Found 10-bit up counter for signal <rCnt>.
    Summary:
	inferred   1 Counter(s).
	inferred   1 D-type flip-flop(s).
Unit <CLK1s> synthesized.


Synthesizing Unit <CLK0_5s>.
    Related source file is "D:/RUN/CLK0_5s.vhd".
    Found 1-bit register for signal <r0_5s>.
    Found 9-bit up counter for signal <rCnt>.
    Summary:
	inferred   1 Counter(s).
	inferred   1 D-type flip-flop(s).
Unit <CLK0_5s> synthesized.


Synthesizing Unit <Debouce>.
    Related source file is "D:/RUN/Debouce.vhd".
    Found 1-bit register for signal <O>.
    Found 3-bit up counter for signal <rCnt>.
    Found 4-bit register for signal <rDebouce>.
    Found 1-bit register for signal <rTick>.
    Summary:
	inferred   1 Counter(s).
	inferred   6 D-type flip-flop(s).
Unit <Debouce> synthesized.


Synthesizing Unit <Time_RUN>.
    Related source file is "D:/RUN/Time_RUN.vhd".
    Found 4-bit up counter for signal <wDigit1>.
    Found 4-bit up counter for signal <wDigit2>.
    Found 4-bit up counter for signal <wDigit3>.
    Found 4-bit up counter for signal <wDigit4>.
    Found 1-bit register for signal <wPush>.
    Found 1-bit register for signal <wStop>.
    Summary:
	inferred   4 Counter(s).
	inferred   2 D-type flip-flop(s).
Unit <Time_RUN> synthesized.


Synthesizing Unit <BCD_Distance>.
    Related source file is "D:/RUN/BCD_Distance.vhd".
    Found 32-bit up accumulator for signal <rCnt>.
    Found 32-bit adder for signal <rCnt$addsub0000>.
    Found 4-bit up counter for signal <wDigit1>.
    Found 32-bit comparator less for signal <wDigit1$cmp_lt0000> created at line 56.
    Found 4-bit up counter for signal <wDigit2>.
    Found 32-bit comparator greatequal for signal <wDigit2$cmp_ge0000> created at line 65.
    Found 4-bit up counter for signal <wDigit3>.
    Found 4-bit up counter for signal <wDigit4>.
    Found 1-bit register for signal <wPush>.
    Summary:
	inferred   4 Counter(s).
	inferred   1 Accumulator(s).
	inferred   1 D-type flip-flop(s).
	inferred   1 Adder/Subtractor(s).
	inferred   2 Comparator(s).
Unit <BCD_Distance> synthesized.


Synthesizing Unit <Calories>.
    Related source file is "D:/RUN/Calories.vhd".
    Found 32-bit up accumulator for signal <rCnt>.
    Found 32-bit adder for signal <rCnt$addsub0000>.
    Found 4-bit up counter for signal <wDigit1>.
    Found 32-bit comparator less for signal <wDigit1$cmp_lt0000> created at line 56.
    Found 4-bit up counter for signal <wDigit2>.
    Found 32-bit comparator greatequal for signal <wDigit2$cmp_ge0000> created at line 65.
    Found 4-bit up counter for signal <wDigit3>.
    Found 5-bit comparator less for signal <wDigit3$cmp_lt0000> created at line 78.
    Found 4-bit up accumulator for signal <wDigit4>.
    Found 4-bit adder for signal <wDigit4$addsub0000>.
    Found 5-bit comparator greatequal for signal <wDigit4$cmp_ge0000> created at line 87.
    Found 1-bit register for signal <wPush>.
    Summary:
	inferred   3 Counter(s).
	inferred   2 Accumulator(s).
	inferred   1 D-type flip-flop(s).
	inferred   2 Adder/Subtractor(s).
	inferred   4 Comparator(s).
Unit <Calories> synthesized.


Synthesizing Unit <FSM>.
    Related source file is "D:/RUN/FSM.vhd".
    Found finite state machine <FSM_0> for signal <state>.
    -----------------------------------------------------------------------
    | States             | 4                                              |
    | Transitions        | 8                                              |
    | Inputs             | 1                                              |
    | Outputs            | 4                                              |
    | Clock              | CLK                       (rising_edge)        |
    | Reset              | Rstb                      (negative)           |
    | Reset type         | asynchronous                                   |
    | Reset State        | s1                                             |
    | Power Up State     | s1                                             |
    | Encoding           | automatic                                      |
    | Implementation     | LUT                                            |
    -----------------------------------------------------------------------
    Found 4-bit register for signal <oDigit1>.
    Found 4-bit register for signal <oDigit2>.
    Found 4-bit register for signal <oDigit3>.
    Found 4-bit register for signal <oDigit4>.
    Summary:
	inferred   1 Finite State Machine(s).
	inferred  16 D-type flip-flop(s).
Unit <FSM> synthesized.


Synthesizing Unit <ScanDigit>.
    Related source file is "D:/RUN/ScanDigit.vhd".
    Found finite state machine <FSM_1> for signal <state>.
    -----------------------------------------------------------------------
    | States             | 4                                              |
    | Transitions        | 8                                              |
    | Inputs             | 1                                              |
    | Outputs            | 3                                              |
    | Clock              | CLK                       (rising_edge)        |
    | Reset              | Rstb                      (negative)           |
    | Reset type         | asynchronous                                   |
    | Reset State        | s1                                             |
    | Power Up State     | s1                                             |
    | Encoding           | automatic                                      |
    | Implementation     | LUT                                            |
    -----------------------------------------------------------------------
    Found 1-bit register for signal <dp>.
    Found 4-bit up counter for signal <rCnt>.
    Found 4-bit register for signal <rShift>.
    Found 1-bit register for signal <wdp>.
    Summary:
	inferred   1 Finite State Machine(s).
	inferred   1 Counter(s).
	inferred   2 D-type flip-flop(s).
Unit <ScanDigit> synthesized.


Synthesizing Unit <BCD>.
    Related source file is "D:/RUN/BCD.vhd".
    Found 16x7-bit ROM for signal <O>.
    Summary:
	inferred   1 ROM(s).
Unit <BCD> synthesized.


Synthesizing Unit <Distance>.
    Related source file is "D:/RUN/Distance.vhd".
    Found 32-bit up accumulator for signal <rCnt>.
    Found 32-bit adder for signal <rCnt$addsub0000>.
    Found 4-bit up counter for signal <wDigitD01>.
    Found 32-bit comparator greatequal for signal <wDigitD01$cmp_ge0000> created at line 80.
    Found 5-bit comparator greatequal for signal <wDigitD01$cmp_ge0001> created at line 80.
    Found 5-bit comparator greatequal for signal <wDigitD01$cmp_ge0002> created at line 80.
    Found 32-bit comparator less for signal <wDigitD01$cmp_lt0000> created at line 81.
    Found 5-bit comparator less for signal <wDigitD01$cmp_lt0001> created at line 81.
    Found 5-bit comparator less for signal <wDigitD01$cmp_lt0002> created at line 80.
    Found 4-bit up counter for signal <wDigitD10>.
    Found 8-bit register for signal <wDist>.
    Found 1-bit register for signal <wPush>.
    Summary:
	inferred   2 Counter(s).
	inferred   1 Accumulator(s).
	inferred   9 D-type flip-flop(s).
	inferred   1 Adder/Subtractor(s).
	inferred   6 Comparator(s).
Unit <Distance> synthesized.


Synthesizing Unit <RunTop>.
    Related source file is "D:/RUN/RunTop.vhd".
Unit <RunTop> synthesized.


=========================================================================
HDL Synthesis Report

Macro Statistics
# ROMs                                                 : 1
 16x7-bit ROM                                          : 1
# Adders/Subtractors                                   : 4
 32-bit adder                                          : 3
 4-bit adder                                           : 1
# Counters                                             : 19
 10-bit up counter                                     : 1
 15-bit up counter                                     : 1
 3-bit up counter                                      : 2
 4-bit up counter                                      : 14
 9-bit up counter                                      : 1
# Accumulators                                         : 4
 32-bit up accumulator                                 : 3
 4-bit up accumulator                                  : 1
# Registers                                            : 22
 1-bit register                                        : 14
 4-bit register                                        : 7
 8-bit register                                        : 1
# Comparators                                          : 12
 32-bit comparator greatequal                          : 3
 32-bit comparator less                                : 3
 5-bit comparator greatequal                           : 3
 5-bit comparator less                                 : 3

=========================================================================

=========================================================================
*                       Advanced HDL Synthesis                          *
=========================================================================

Analyzing FSM <FSM_1> for best encoding.
Optimizing FSM <u_ScanDigit/state/FSM> on signal <state[1:2]> with gray encoding.
-------------------
 State | Encoding
-------------------
 s1    | 00
 s2    | 01
 s3    | 11
 s4    | 10
-------------------
Analyzing FSM <FSM_0> for best encoding.
Optimizing FSM <u_FSM/state/FSM> on signal <state[1:2]> with gray encoding.
-------------------
 State | Encoding
-------------------
 s1    | 00
 s2    | 01
 s3    | 11
 s4    | 10
-------------------

=========================================================================
Advanced HDL Synthesis Report

Macro Statistics
# FSMs                                                 : 2
# ROMs                                                 : 1
 16x7-bit ROM                                          : 1
# Adders/Subtractors                                   : 4
 32-bit adder                                          : 3
 4-bit adder                                           : 1
# Counters                                             : 19
 10-bit up counter                                     : 1
 15-bit up counter                                     : 1
 3-bit up counter                                      : 2
 4-bit up counter                                      : 14
 9-bit up counter                                      : 1
# Accumulators                                         : 4
 32-bit up accumulator                                 : 3
 4-bit up accumulator                                  : 1
# Registers                                            : 50
 Flip-Flops                                            : 50
# Comparators                                          : 12
 32-bit comparator greatequal                          : 3
 32-bit comparator less                                : 3
 5-bit comparator greatequal                           : 3
 5-bit comparator less                                 : 3

=========================================================================

=========================================================================
*                         Low Level Synthesis                           *
=========================================================================

Optimizing unit <RunTop> ...

Optimizing unit <Debouce> ...

Optimizing unit <Time_RUN> ...

Optimizing unit <FSM> ...

Optimizing unit <ScanDigit> ...

Mapping all equations...
Building and optimizing final netlist ...
Found area constraint ratio of 100 (+ 5) on block RunTop, actual ratio is 13.

Final Macro Processing ...

=========================================================================
Final Register Report

Macro Statistics
# Registers                                            : 250
 Flip-Flops                                            : 250

=========================================================================

=========================================================================
*                           Partition Report                            *
=========================================================================

Partition Implementation Status
-------------------------------

  No Partitions were found in this design.

-------------------------------

=========================================================================
*                            Final Report                               *
=========================================================================
Final Results
RTL Top Level Output File Name     : RunTop.ngr
Top Level Output File Name         : RunTop
Output Format                      : NGC
Optimization Goal                  : Speed
Keep Hierarchy                     : No

Design Statistics
# IOs                              : 24

Cell Usage :
# BELS                             : 779
#      GND                         : 1
#      INV                         : 42
#      LUT1                        : 66
#      LUT2                        : 61
#      LUT2_D                      : 2
#      LUT2_L                      : 2
#      LUT3                        : 113
#      LUT3_D                      : 4
#      LUT4                        : 149
#      LUT4_D                      : 9
#      LUT4_L                      : 8
#      MUXCY                       : 164
#      MUXF5                       : 27
#      VCC                         : 1
#      XORCY                       : 130
# FlipFlops/Latches                : 250
#      FD                          : 16
#      FDC                         : 23
#      FDCE                        : 207
#      FDE                         : 1
#      FDPE                        : 3
# Clock Buffers                    : 1
#      BUFGP                       : 1
# IO Buffers                       : 23
#      IBUF                        : 3
#      OBUF                        : 20
=========================================================================

Device utilization summary:
---------------------------

Selected Device : 3s200tq144-5 

 Number of Slices:                      234  out of   1920    12%  
 Number of Slice Flip Flops:            250  out of   3840     6%  
 Number of 4 input LUTs:                456  out of   3840    11%  
 Number of IOs:                          24
 Number of bonded IOBs:                  24  out of     97    24%  
 Number of GCLKs:                         1  out of      8    12%  

---------------------------
Partition Resource Summary:
---------------------------

  No Partitions were found in this design.

---------------------------


=========================================================================
TIMING REPORT

NOTE: THESE TIMING NUMBERS ARE ONLY A SYNTHESIS ESTIMATE.
      FOR ACCURATE TIMING INFORMATION PLEASE REFER TO THE TRACE REPORT
      GENERATED AFTER PLACE-and-ROUTE.

Clock Information:
------------------
-----------------------------------+------------------------+-------+
Clock Signal                       | Clock buffer(FF name)  | Load  |
-----------------------------------+------------------------+-------+
CLK                                | BUFGP                  | 250   |
-----------------------------------+------------------------+-------+

Asynchronous Control Signals Information:
----------------------------------------
-----------------------------------+---------------------------+-------+
Control Signal                     | Buffer(FF name)           | Load  |
-----------------------------------+---------------------------+-------+
Rstb_inv(u_Time/Rstb_inv1_INV_0:O) | NONE(u_BCDdistance/rCnt_0)| 233   |
-----------------------------------+---------------------------+-------+

Timing Summary:
---------------
Speed Grade: -5

   Minimum period: 9.122ns (Maximum Frequency: 109.620MHz)
   Minimum input arrival time before clock: 1.984ns
   Maximum output required time after clock: 11.197ns
   Maximum combinational path delay: No path found

Timing Detail:
--------------
All values displayed in nanoseconds (ns)

=========================================================================
Timing constraint: Default period analysis for Clock 'CLK'
  Clock period: 9.122ns (frequency: 109.620MHz)
  Total number of paths / destination ports: 26952 / 457
-------------------------------------------------------------------------
Delay:               9.122ns (Levels of Logic = 15)
  Source:            u_Distance/rCnt_5 (FF)
  Destination:       u_Distance/wDigitD01_0 (FF)
  Source Clock:      CLK rising
  Destination Clock: CLK rising

  Data Path: u_Distance/rCnt_5 to u_Distance/wDigitD01_0
                                Gate     Net
    Cell:in->out      fanout   Delay   Delay  Logical Name (Net Name)
    ----------------------------------------  ------------
     FDCE:C->Q             2   0.626   1.040  u_Distance/rCnt_5 (u_Distance/rCnt_5)
     LUT1:I0->O            1   0.479   0.000  u_Distance/Mcompar_wDigitD01_cmp_ge0000_cy<0>_rt (u_Distance/Mcompar_wDigitD01_cmp_ge0000_cy<0>_rt)
     MUXCY:S->O            1   0.435   0.000  u_Distance/Mcompar_wDigitD01_cmp_ge0000_cy<0> (u_Distance/Mcompar_wDigitD01_cmp_ge0000_cy<0>)
     MUXCY:CI->O           1   0.056   0.000  u_Distance/Mcompar_wDigitD01_cmp_ge0000_cy<1> (u_Distance/Mcompar_wDigitD01_cmp_ge0000_cy<1>)
     MUXCY:CI->O           1   0.056   0.000  u_Distance/Mcompar_wDigitD01_cmp_ge0000_cy<2> (u_Distance/Mcompar_wDigitD01_cmp_ge0000_cy<2>)
     MUXCY:CI->O           1   0.056   0.000  u_Distance/Mcompar_wDigitD01_cmp_ge0000_cy<3> (u_Distance/Mcompar_wDigitD01_cmp_ge0000_cy<3>)
     MUXCY:CI->O           1   0.056   0.000  u_Distance/Mcompar_wDigitD01_cmp_ge0000_cy<4> (u_Distance/Mcompar_wDigitD01_cmp_ge0000_cy<4>)
     MUXCY:CI->O           1   0.056   0.000  u_Distance/Mcompar_wDigitD01_cmp_ge0000_cy<5> (u_Distance/Mcompar_wDigitD01_cmp_ge0000_cy<5>)
     MUXCY:CI->O           1   0.056   0.000  u_Distance/Mcompar_wDigitD01_cmp_ge0000_cy<6> (u_Distance/Mcompar_wDigitD01_cmp_ge0000_cy<6>)
     MUXCY:CI->O           1   0.056   0.000  u_Distance/Mcompar_wDigitD01_cmp_ge0000_cy<7> (u_Distance/Mcompar_wDigitD01_cmp_ge0000_cy<7>)
     MUXCY:CI->O           1   0.056   0.000  u_Distance/Mcompar_wDigitD01_cmp_ge0000_cy<8> (u_Distance/Mcompar_wDigitD01_cmp_ge0000_cy<8>)
     MUXCY:CI->O           1   0.056   0.000  u_Distance/Mcompar_wDigitD01_cmp_ge0000_cy<9> (u_Distance/Mcompar_wDigitD01_cmp_ge0000_cy<9>)
     MUXCY:CI->O          21   0.265   1.347  u_Distance/Mcompar_wDigitD01_cmp_ge0000_cy<10> (u_Distance/wDigitD01_cmp_ge0000)
     LUT3:I2->O           10   0.479   0.987  u_Distance/wDigitD01_not000111 (u_Distance/wDist_not0002)
     LUT4:I3->O            1   0.479   0.704  u_Distance/wDigitD01_not00011_SW0 (N91)
     LUT4:I3->O            4   0.479   0.779  u_Distance/wDigitD01_not00011 (u_Distance/wDigitD01_not0001)
     FDCE:CE                   0.524          u_Distance/wDigitD01_0
    ----------------------------------------
    Total                      9.122ns (4.265ns logic, 4.857ns route)
                                       (46.8% logic, 53.2% route)

=========================================================================
Timing constraint: Default OFFSET IN BEFORE for Clock 'CLK'
  Total number of paths / destination ports: 3 / 3
-------------------------------------------------------------------------
Offset:              1.984ns (Levels of Logic = 1)
  Source:            Rstb (PAD)
  Destination:       u_ScanDigit/dp (FF)
  Destination Clock: CLK rising

  Data Path: Rstb to u_ScanDigit/dp
                                Gate     Net
    Cell:in->out      fanout   Delay   Delay  Logical Name (Net Name)
    ----------------------------------------  ------------
     IBUF:I->O             2   0.715   0.745  Rstb_IBUF (Rstb_IBUF)
     FDE:CE                    0.524          u_ScanDigit/dp
    ----------------------------------------
    Total                      1.984ns (1.239ns logic, 0.745ns route)
                                       (62.4% logic, 37.6% route)

=========================================================================
Timing constraint: Default OFFSET OUT AFTER for Clock 'CLK'
  Total number of paths / destination ports: 405 / 20
-------------------------------------------------------------------------
Offset:              11.197ns (Levels of Logic = 5)
  Source:            u_ScanDigit/rShift_2 (FF)
  Destination:       oBCD<6> (PAD)
  Source Clock:      CLK rising

  Data Path: u_ScanDigit/rShift_2 to oBCD<6>
                                Gate     Net
    Cell:in->out      fanout   Delay   Delay  Logical Name (Net Name)
    ----------------------------------------  ------------
     FDPE:C->Q            13   0.626   1.290  u_ScanDigit/rShift_2 (u_ScanDigit/rShift_2)
     LUT3:I0->O            1   0.479   0.000  u_ScanDigit/oData<3>62_SW0_F (N111)
     MUXF5:I0->O           1   0.314   0.740  u_ScanDigit/oData<3>62_SW0 (N75)
     LUT4:I2->O            7   0.479   1.201  u_ScanDigit/oData<3>62 (wData<3>)
     LUT4:I0->O            1   0.479   0.681  u_BCD/Mrom_O41 (oBCD_4_OBUF)
     OBUF:I->O                 4.909          oBCD_4_OBUF (oBCD<4>)
    ----------------------------------------
    Total                     11.197ns (7.286ns logic, 3.911ns route)
                                       (65.1% logic, 34.9% route)

=========================================================================


Total REAL time to Xst completion: 5.00 secs
Total CPU time to Xst completion: 5.63 secs
 
--> 

Total memory usage is 314204 kilobytes

Number of errors   :    0 (   0 filtered)
Number of warnings :    0 (   0 filtered)
Number of infos    :    0 (   0 filtered)

